============================================================
Loading Configuration
============================================================
Loading config from: temp_config.yaml

============================================================
Final Configuration
============================================================

============================================================
TRAINING CONFIGURATION
============================================================

Training:
  batch_size               : 4
  num_epochs               : 1
  learning_rate            : 0.001

Data:
  train_dir                : temp_test_data
  dataset_type             : flat
  num_workers              : 2

Device:
  seed                     : 42
============================================================


============================================================
STARTING TRAINING
============================================================

>>> Training begins now...

============================================================
GPU DETECTION AND SETUP
============================================================
[SUCCESS] CUDA is available!
   GPU Device: NVIDIA GeForce RTX 3050 6GB Laptop GPU
   CUDA Version: 11.8
   Number of GPUs: 1
   Total GPU Memory: 6.00 GB

[SUCCESS] Using device: cuda
============================================================

python : Traceback (most recent call last):
At line:1 char:1
+ python train.py --config temp_config.yaml --skip_sanity 2>&1 | Tee-Ob ...
+ ~~~~~~~~~~~~~~~~~~~~~~~~~~~~~~~~~~~~~~~~~~~~~~~~~~~~~~~~~~~~
    + CategoryInfo          : NotSpecified: (Traceback (most recent call last)::String) [], RemoteExcept 
   ion
    + FullyQualifiedErrorId : NativeCommandError
 
  File "E:\Final-year-Project-steganography\train.py", line 1415, in <module>
    main(args)
    ~~~~^^^^^^
  File "E:\Final-year-Project-steganography\train.py", line 661, in main
    checkpoint_dir = Path(args.checkpoint_dir)
  File "C:\Users\Abhishek\anaconda3\Lib\pathlib\_local.py", line 503, in __init__
    super().__init__(*args)
    ~~~~~~~~~~~~~~~~^^^^^^^
  File "C:\Users\Abhishek\anaconda3\Lib\pathlib\_local.py", line 132, in __init__
    raise TypeError(
    ...<2 lines>...
        f"not {type(path).__name__!r}")
TypeError: argument should be a str or an os.PathLike object where __fspath__ returns a str, not 
'NoneType'
